
> react-kavia@0.1.0 start
> react-scripts start

(node:2203) [DEP_WEBPACK_DEV_SERVER_ON_AFTER_SETUP_MIDDLEWARE] DeprecationWarning: 'onAfterSetupMiddleware' option is deprecated. Please use the 'setupMiddlewares' option.
(Use `node --trace-deprecation ...` to show where the warning was created)
(node:2203) [DEP_WEBPACK_DEV_SERVER_ON_BEFORE_SETUP_MIDDLEWARE] DeprecationWarning: 'onBeforeSetupMiddleware' option is deprecated. Please use the 'setupMiddlewares' option.
Starting the development server...

Compiled successfully!

You can now view react-kavia in the browser.

  Local:            http://localhost:3000
  On Your Network:  http://172.17.0.2:3000

Note that the development build is not optimized.
To create a production build, use npm run build.

webpack compiled successfully
Compiling...
Watchpack Error (initial scan): Error: ENOTSUP: operation not supported on socket, lstat '/tmp/vscode-git-27b972e93b.sock'
Watchpack Error (initial scan): Error: ENOTSUP: operation not supported on socket, lstat '/tmp/vscode-git-7e3f92c2cb.sock'
Watchpack Error (initial scan): Error: ENOTSUP: operation not supported on socket, lstat '/tmp/vscode-git-a742507b24.sock'
Watchpack Error (initial scan): Error: ENOTSUP: operation not supported on socket, lstat '/tmp/vscode-git-b23dcdfa8f.sock'
Watchpack Error (initial scan): Error: ENOTSUP: operation not supported on socket, lstat '/tmp/vscode-git-d110bbbcd9.sock'
Watchpack Error (initial scan): Error: ENOTSUP: operation not supported on socket, lstat '/tmp/vscode-git-3ebdba7d23.sock'
Watchpack Error (initial scan): Error: ENOTSUP: operation not supported on socket, lstat '/tmp/vscode-git-dcbf1b3d5e.sock'
Watchpack Error (initial scan): Error: ENOTSUP: operation not supported on socket, lstat '/tmp/vscode-git-68d448f404.sock'
Watchpack Error (initial scan): Error: ENOTSUP: operation not supported on socket, lstat '/tmp/vscode-ipc-01f9974f-a0e9-4906-a8c9-65f2ba9eb19e.sock'
Watchpack Error (initial scan): Error: ENOTSUP: operation not supported on socket, lstat '/tmp/vscode-ipc-04806942-7df3-43ec-a3d5-a0fb8c878831.sock'
Watchpack Error (initial scan): Error: ENOTSUP: operation not supported on socket, lstat '/tmp/vscode-ipc-04e01ec5-32a5-4f10-9142-4e0d6b46e1d9.sock'
Watchpack Error (initial scan): Error: ENOTSUP: operation not supported on socket, lstat '/tmp/vscode-ipc-06e80410-13cf-43bb-bc6d-a84e5627f9c5.sock'
Watchpack Error (initial scan): Error: ENOTSUP: operation not supported on socket, lstat '/tmp/vscode-git-6d79f286dd.sock'
Watchpack Error (initial scan): Error: ENOTSUP: operation not supported on socket, lstat '/tmp/vscode-ipc-0a7c90fa-722e-4e96-b4d9-a309b6f0b27d.sock'
Watchpack Error (initial scan): Error: ENOTSUP: operation not supported on socket, lstat '/tmp/vscode-ipc-0c7e0941-1d7d-4ccd-9e19-01d95be5b973.sock'
Watchpack Error (initial scan): Error: ENOTSUP: operation not supported on socket, lstat '/tmp/vscode-ipc-0e5ce66a-9b11-4295-ace4-5bad9ea044d0.sock'
Watchpack Error (initial scan): Error: ENOTSUP: operation not supported on socket, lstat '/tmp/vscode-ipc-111bb02b-c2fb-4086-8faa-42ef0f615c21.sock'
Watchpack Error (initial scan): Error: ENOTSUP: operation not supported on socket, lstat '/tmp/vscode-ipc-11e4fbbd-d7d7-4126-aca3-fa979c8b1821.sock'
Watchpack Error (initial scan): Error: ENOTSUP: operation not supported on socket, lstat '/tmp/vscode-ipc-0155bf85-89ff-4cf4-b5e1-c224bdd63a00.sock'
Watchpack Error (initial scan): Error: ENOTSUP: operation not supported on socket, lstat '/tmp/vscode-ipc-1abc2fbb-9138-42a7-9de9-419a82bdabf7.sock'
Watchpack Error (initial scan): Error: ENOTSUP: operation not supported on socket, lstat '/tmp/vscode-ipc-0959d4bf-3993-4c7f-a2de-85d8ecdfdccc.sock'
Watchpack Error (initial scan): Error: ENOTSUP: operation not supported on socket, lstat '/tmp/vscode-ipc-0ffc367c-70d4-4e7c-b05c-cbe992f1aa75.sock'
Watchpack Error (initial scan): Error: ENOTSUP: operation not supported on socket, lstat '/tmp/vscode-ipc-1ce444c6-4eaf-4b94-8f75-3c4551ff263e.sock'
Watchpack Error (initial scan): Error: ENOTSUP: operation not supported on socket, lstat '/tmp/vscode-ipc-1ccc932d-7042-4b90-9a9f-ccf3ac2b629a.sock'
Watchpack Error (initial scan): Error: ENOTSUP: operation not supported on socket, lstat '/tmp/vscode-ipc-1e38a94e-f26d-467e-b7c5-c70c2ae15377.sock'
Watchpack Error (initial scan): Error: ENOTSUP: operation not supported on socket, lstat '/tmp/vscode-ipc-1fe2e9cf-dbe5-42c3-b101-fd48000c5ab9.sock'
Watchpack Error (initial scan): Error: ENOTSUP: operation not supported on socket, lstat '/tmp/vscode-ipc-28e87813-2e7b-4b15-94d5-9b18431da44f.sock'
Watchpack Error (initial scan): Error: ENOTSUP: operation not supported on socket, lstat '/tmp/vscode-ipc-28ea8879-b4da-41c1-a9bb-3adb6abb8421.sock'
Watchpack Error (initial scan): Error: ENOTSUP: operation not supported on socket, lstat '/tmp/vscode-ipc-22c9f2d4-2174-4bc7-bd2e-fe4467c7a465.sock'
Watchpack Error (initial scan): Error: ENOTSUP: operation not supported on socket, lstat '/tmp/vscode-ipc-27539692-dffe-488f-8d23-c5100abdb9d5.sock'
Watchpack Error (initial scan): Error: ENOTSUP: operation not supported on socket, lstat '/tmp/vscode-ipc-2a375feb-4039-4356-a69c-df290e9af409.sock'
Watchpack Error (initial scan): Error: ENOTSUP: operation not supported on socket, lstat '/tmp/vscode-ipc-2b591a6d-0f0f-4943-9f2c-0389915ff8cc.sock'
Watchpack Error (initial scan): Error: ENOTSUP: operation not supported on socket, lstat '/tmp/vscode-ipc-2db35b6e-d951-45a0-ae1a-dceba5728bb4.sock'
Watchpack Error (initial scan): Error: ENOTSUP: operation not supported on socket, lstat '/tmp/vscode-ipc-2a0aa511-c28a-4aed-a748-086d1d8a275a.sock'
Watchpack Error (initial scan): Error: ENOTSUP: operation not supported on socket, lstat '/tmp/vscode-ipc-2e97f06b-2bdd-44ce-860a-e3ca44bf175a.sock'
Watchpack Error (initial scan): Error: ENOTSUP: operation not supported on socket, lstat '/tmp/vscode-ipc-2b848874-50b7-4f13-85ac-738914ba5c53.sock'
Watchpack Error (initial scan): Error: ENOTSUP: operation not supported on socket, lstat '/tmp/vscode-ipc-2ca85734-eb5e-4289-9cec-bf55264adf5d.sock'
Watchpack Error (initial scan): Error: ENOTSUP: operation not supported on socket, lstat '/tmp/vscode-ipc-3182e837-2b71-47f3-80a2-d1d2281d0048.sock'
Watchpack Error (initial scan): Error: ENOTSUP: operation not supported on socket, lstat '/tmp/vscode-ipc-3036b878-fd90-4d12-bba9-dda1c80fc299.sock'
Watchpack Error (initial scan): Error: ENOTSUP: operation not supported on socket, lstat '/tmp/vscode-ipc-3690ead9-912f-4e35-96f9-51c35cbe4134.sock'
Watchpack Error (initial scan): Error: ENOTSUP: operation not supported on socket, lstat '/tmp/vscode-ipc-31bca7fc-9a30-4081-8069-e7e723b45c32.sock'
Watchpack Error (initial scan): Error: ENOTSUP: operation not supported on socket, lstat '/tmp/vscode-ipc-347165b7-019e-4fa4-85ca-cca91f562639.sock'
Watchpack Error (initial scan): Error: ENOTSUP: operation not supported on socket, lstat '/tmp/vscode-ipc-361d8d71-f6bf-45b5-bd29-094c87490fe7.sock'
Watchpack Error (initial scan): Error: ENOTSUP: operation not supported on socket, lstat '/tmp/vscode-ipc-391ed3da-4253-42b4-8a51-44cf0bb7d6af.sock'
Watchpack Error (initial scan): Error: ENOTSUP: operation not supported on socket, lstat '/tmp/vscode-ipc-36c68f22-fad3-49aa-ad28-43c98c595248.sock'
Watchpack Error (initial scan): Error: ENOTSUP: operation not supported on socket, lstat '/tmp/vscode-ipc-37779ee4-01e5-406b-909c-e18936389737.sock'
Watchpack Error (initial scan): Error: ENOTSUP: operation not supported on socket, lstat '/tmp/vscode-ipc-3b714231-782e-4007-9109-630a18b65011.sock'
Watchpack Error (initial scan): Error: ENOTSUP: operation not supported on socket, lstat '/tmp/vscode-ipc-3ca0f36c-a403-447c-bd38-26762baaefc7.sock'
Watchpack Error (initial scan): Error: ENOTSUP: operation not supported on socket, lstat '/tmp/vscode-ipc-3ecc0eb2-fbd3-4d3b-9b2c-7d5cd0f696de.sock'
Watchpack Error (initial scan): Error: ENOTSUP: operation not supported on socket, lstat '/tmp/vscode-ipc-4200cbf8-eaff-4e1f-abaf-dda61e48cdb1.sock'
Watchpack Error (initial scan): Error: ENOTSUP: operation not supported on socket, lstat '/tmp/vscode-ipc-382be08a-ddd1-4831-aae7-dd03de663664.sock'
Watchpack Error (initial scan): Error: ENOTSUP: operation not supported on socket, lstat '/tmp/vscode-ipc-442e8bf5-c42d-4484-bdb8-8b200049fd46.sock'
Watchpack Error (initial scan): Error: ENOTSUP: operation not supported on socket, lstat '/tmp/vscode-ipc-3a42b4a0-eaaa-4ca8-a79f-d5e89b5a0e96.sock'
Watchpack Error (initial scan): Error: ENOTSUP: operation not supported on socket, lstat '/tmp/vscode-ipc-3a8b9b1d-8204-47f7-be2a-4a3089672119.sock'
Watchpack Error (initial scan): Error: ENOTSUP: operation not supported on socket, lstat '/tmp/vscode-ipc-451a16fa-8782-462f-97a2-b0d9d2df700d.sock'
Watchpack Error (initial scan): Error: ENOTSUP: operation not supported on socket, lstat '/tmp/vscode-ipc-4619bf65-bc26-45aa-b843-a37ac763909b.sock'
Watchpack Error (initial scan): Error: ENOTSUP: operation not supported on socket, lstat '/tmp/vscode-ipc-4279cbcd-d38f-4bf3-9d8f-e01e1133b137.sock'
Watchpack Error (initial scan): Error: ENOTSUP: operation not supported on socket, lstat '/tmp/vscode-ipc-464b06ca-2b87-463a-ad51-7f25757434f9.sock'
Watchpack Error (initial scan): Error: ENOTSUP: operation not supported on socket, lstat '/tmp/vscode-ipc-4460c567-0935-42b3-a926-c9e67321448a.sock'
Watchpack Error (initial scan): Error: ENOTSUP: operation not supported on socket, lstat '/tmp/vscode-ipc-46c5cf27-9e6a-46dc-b15f-c27b4774508c.sock'
Watchpack Error (initial scan): Error: ENOTSUP: operation not supported on socket, lstat '/tmp/vscode-ipc-448b270d-a3a9-4474-bee0-5c842bb9ac58.sock'
Watchpack Error (initial scan): Error: ENOTSUP: operation not supported on socket, lstat '/tmp/vscode-ipc-462f624f-fbd2-4169-850e-3bdda1c3dde7.sock'
Watchpack Error (initial scan): Error: ENOTSUP: operation not supported on socket, lstat '/tmp/vscode-ipc-4c9d04c3-5ebb-4f78-aa92-4af4d8abb143.sock'
Watchpack Error (initial scan): Error: ENOTSUP: operation not supported on socket, lstat '/tmp/vscode-ipc-4d2e1184-6cf3-4d8a-9d85-73017fcfeb5d.sock'
Watchpack Error (initial scan): Error: ENOTSUP: operation not supported on socket, lstat '/tmp/vscode-ipc-4e530446-fad4-47e3-9422-9ace24e45881.sock'
Watchpack Error (initial scan): Error: ENOTSUP: operation not supported on socket, lstat '/tmp/vscode-ipc-46649fa8-4859-43f4-a6fb-af37b30eb2eb.sock'
Watchpack Error (initial scan): Error: ENOTSUP: operation not supported on socket, lstat '/tmp/vscode-ipc-4a97d933-d331-4678-90e5-f96e48b596f7.sock'
Watchpack Error (initial scan): Error: ENOTSUP: operation not supported on socket, lstat '/tmp/vscode-ipc-4cc9b33b-6746-4bc8-bec9-8175bf5b1515.sock'
Watchpack Error (initial scan): Error: ENOTSUP: operation not supported on socket, lstat '/tmp/vscode-ipc-5344811e-3dde-433a-9972-d73cd22899a3.sock'
Watchpack Error (initial scan): Error: ENOTSUP: operation not supported on socket, lstat '/tmp/vscode-ipc-552a8938-509f-4a31-9e0e-8184ffd01ee6.sock'
Watchpack Error (initial scan): Error: ENOTSUP: operation not supported on socket, lstat '/tmp/vscode-ipc-525ed8ff-cd8f-4e57-a999-cfb7e784836b.sock'
Watchpack Error (initial scan): Error: ENOTSUP: operation not supported on socket, lstat '/tmp/vscode-ipc-5cccf7db-2838-480e-982e-608a9cf9958f.sock'
Watchpack Error (initial scan): Error: ENOTSUP: operation not supported on socket, lstat '/tmp/vscode-ipc-5cf8be63-ef47-4455-9163-b86ea3f13f8c.sock'
Watchpack Error (initial scan): Error: ENOTSUP: operation not supported on socket, lstat '/tmp/vscode-ipc-527a1687-a4e7-4b06-8997-002fcad8eaf6.sock'
Watchpack Error (initial scan): Error: ENOTSUP: operation not supported on socket, lstat '/tmp/vscode-ipc-5a3b68c7-5d90-4936-9649-dfbd5e622f81.sock'
Watchpack Error (initial scan): Error: ENOTSUP: operation not supported on socket, lstat '/tmp/vscode-ipc-65d415e8-914d-42ad-88db-08ae5ed1c7ae.sock'
Watchpack Error (initial scan): Error: ENOTSUP: operation not supported on socket, lstat '/tmp/vscode-ipc-5d085f3f-3773-4a22-bcd7-101fc4c59b63.sock'
Watchpack Error (initial scan): Error: ENOTSUP: operation not supported on socket, lstat '/tmp/vscode-ipc-66e10eee-c012-4612-b3d5-564233f85677.sock'
Watchpack Error (initial scan): Error: ENOTSUP: operation not supported on socket, lstat '/tmp/vscode-ipc-672dc881-46e5-449c-a934-25575c4f7563.sock'
Watchpack Error (initial scan): Error: ENOTSUP: operation not supported on socket, lstat '/tmp/vscode-ipc-5e537728-b5b8-4d37-8973-ec3eb9d92f37.sock'
Watchpack Error (initial scan): Error: ENOTSUP: operation not supported on socket, lstat '/tmp/vscode-ipc-6541b5d4-94a3-4c7d-9aeb-3d76bc8c7aa5.sock'
Watchpack Error (initial scan): Error: ENOTSUP: operation not supported on socket, lstat '/tmp/vscode-ipc-6a8f0932-a364-49c6-9e92-c9405d2a98b4.sock'
Watchpack Error (initial scan): Error: ENOTSUP: operation not supported on socket, lstat '/tmp/vscode-ipc-6a42ca42-7881-4d8b-8f03-472e2ce6c92f.sock'
Watchpack Error (initial scan): Error: ENOTSUP: operation not supported on socket, lstat '/tmp/vscode-ipc-68a2fd7e-c6fe-4d00-a33a-5ba61c3b6d5e.sock'
Watchpack Error (initial scan): Error: ENOTSUP: operation not supported on socket, lstat '/tmp/vscode-ipc-6e26bff3-1cbb-4eff-bc53-edeb6306557b.sock'
Watchpack Error (initial scan): Error: ENOTSUP: operation not supported on socket, lstat '/tmp/vscode-ipc-6ba7f0cf-4aa3-4034-86c5-76f030f943e6.sock'
Watchpack Error (initial scan): Error: ENOTSUP: operation not supported on socket, lstat '/tmp/vscode-ipc-6effc107-496c-44e9-aa8a-5d4391eb4a3f.sock'
Watchpack Error (initial scan): Error: ENOTSUP: operation not supported on socket, lstat '/tmp/vscode-ipc-6bda0b30-f480-4544-b204-a88124220fa3.sock'
Watchpack Error (initial scan): Error: ENOTSUP: operation not supported on socket, lstat '/tmp/vscode-ipc-6ca4dff3-3b53-43c6-aa50-b48ebb916d55.sock'
Watchpack Error (initial scan): Error: ENOTSUP: operation not supported on socket, lstat '/tmp/vscode-ipc-73084c81-b351-4965-a6fb-8f1780fd3096.sock'
Watchpack Error (initial scan): Error: ENOTSUP: operation not supported on socket, lstat '/tmp/vscode-ipc-74c69f55-628b-496d-bcbb-fd8a8cb3991b.sock'
Watchpack Error (initial scan): Error: ENOTSUP: operation not supported on socket, lstat '/tmp/vscode-ipc-cdb86969-02d7-46c2-a136-def7750ac093.sock'
Watchpack Error (initial scan): Error: ENOTSUP: operation not supported on socket, lstat '/tmp/vscode-ipc-6f1d6777-c5d2-4f2c-aa0e-d0b82ab78131.sock'
Watchpack Error (initial scan): Error: ENOTSUP: operation not supported on socket, lstat '/tmp/vscode-ipc-73759acc-984d-4a65-992a-a29e1442931e.sock'
Watchpack Error (initial scan): Error: ENOTSUP: operation not supported on socket, lstat '/tmp/vscode-ipc-d39f3ae7-3153-4344-815a-769d4795bc6d.sock'
Watchpack Error (initial scan): Error: ENOTSUP: operation not supported on socket, lstat '/tmp/vscode-ipc-d4414da5-cc22-4ffc-9223-0108da2bc15c.sock'
Watchpack Error (initial scan): Error: ENOTSUP: operation not supported on socket, lstat '/tmp/vscode-ipc-cdf45b9f-a0a5-4935-9cbc-7e2ed1517ec8.sock'
Watchpack Error (initial scan): Error: ENOTSUP: operation not supported on socket, lstat '/tmp/vscode-ipc-d4ab3de2-b0cf-4e9a-9765-3538784122d8.sock'
Watchpack Error (initial scan): Error: ENOTSUP: operation not supported on socket, lstat '/tmp/vscode-ipc-d9a59a74-133b-4bbe-b7d2-a336de9f54d3.sock'
Watchpack Error (initial scan): Error: ENOTSUP: operation not supported on socket, lstat '/tmp/vscode-ipc-d158f3b0-2adc-4b23-9c9b-e253d57b8e5c.sock'
Watchpack Error (initial scan): Error: ENOTSUP: operation not supported on socket, lstat '/tmp/vscode-ipc-dae08ab2-bd0f-4995-9bb6-3d9ab0ccc3a0.sock'
Watchpack Error (initial scan): Error: ENOTSUP: operation not supported on socket, lstat '/tmp/vscode-ipc-d49e5ed0-833f-4745-a667-9b3b7c0cd6c3.sock'
Watchpack Error (initial scan): Error: ENOTSUP: operation not supported on socket, lstat '/tmp/vscode-ipc-d524415f-422f-43e7-8656-47d1d0fa8972.sock'
Watchpack Error (initial scan): Error: ENOTSUP: operation not supported on socket, lstat '/tmp/vscode-ipc-dc24133b-8608-4a0c-aa5d-8ed2e05b86d3.sock'
Watchpack Error (initial scan): Error: ENOTSUP: operation not supported on socket, lstat '/tmp/vscode-ipc-da311630-8e6f-41d9-bd79-d2c8fe22513e.sock'
Watchpack Error (initial scan): Error: ENOTSUP: operation not supported on socket, lstat '/tmp/vscode-ipc-dae46cbe-9b3b-4ce8-bb6c-86bb382d1bd5.sock'
Watchpack Error (initial scan): Error: ENOTSUP: operation not supported on socket, lstat '/tmp/vscode-ipc-df748c27-21f6-46e5-a293-850b1c1c6067.sock'
Watchpack Error (initial scan): Error: ENOTSUP: operation not supported on socket, lstat '/tmp/vscode-ipc-e38d4a97-b54c-4153-8343-2e004871b2d0.sock'
Watchpack Error (initial scan): Error: ENOTSUP: operation not supported on socket, lstat '/tmp/vscode-ipc-e44471ac-fb6d-49f0-9f05-7620a3c5dd3d.sock'
Watchpack Error (initial scan): Error: ENOTSUP: operation not supported on socket, lstat '/tmp/vscode-ipc-e64c43b8-6d13-4f84-a811-e81f0f1c1146.sock'
Watchpack Error (initial scan): Error: ENOTSUP: operation not supported on socket, lstat '/tmp/vscode-ipc-e91efefa-8134-435a-92f9-068cd5cbcfda.sock'
Watchpack Error (initial scan): Error: ENOTSUP: operation not supported on socket, lstat '/tmp/vscode-ipc-ea36b636-a382-4853-875e-3cf0e7057a88.sock'
Watchpack Error (initial scan): Error: ENOTSUP: operation not supported on socket, lstat '/tmp/vscode-ipc-dd9111a8-e5eb-4ad8-836a-ecf621b3b786.sock'
Watchpack Error (initial scan): Error: ENOTSUP: operation not supported on socket, lstat '/tmp/vscode-ipc-deae139a-0990-418a-9e9f-e5d99f2277b3.sock'
Watchpack Error (initial scan): Error: ENOTSUP: operation not supported on socket, lstat '/tmp/vscode-ipc-f0dd9141-37dd-46cf-8c47-80134e00164c.sock'
Watchpack Error (initial scan): Error: ENOTSUP: operation not supported on socket, lstat '/tmp/vscode-ipc-f0e77947-9fb7-47cd-9926-0da1c68d0437.sock'
Watchpack Error (initial scan): Error: ENOTSUP: operation not supported on socket, lstat '/tmp/vscode-ipc-f5289719-6136-4f1e-963e-bc7a90098a5c.sock'
Watchpack Error (initial scan): Error: ENOTSUP: operation not supported on socket, lstat '/tmp/vscode-ipc-e9c8d31a-3a12-43d3-a723-537aacf5cabd.sock'
Watchpack Error (initial scan): Error: ENOTSUP: operation not supported on socket, lstat '/tmp/vscode-ipc-eeac3a75-6db8-4d09-9e71-c46018ca8de0.sock'
Watchpack Error (initial scan): Error: ENOTSUP: operation not supported on socket, lstat '/tmp/vscode-ipc-f85ddd01-f217-445f-b749-8333945d1ff3.sock'
Watchpack Error (initial scan): Error: ENOTSUP: operation not supported on socket, lstat '/tmp/vscode-ipc-f8d4212e-a739-4be2-9d55-82d604a4859d.sock'
Watchpack Error (initial scan): Error: ENOTSUP: operation not supported on socket, lstat '/tmp/vscode-ipc-f574084c-0b9d-4b28-999f-405daea8584b.sock'
Watchpack Error (initial scan): Error: ENOTSUP: operation not supported on socket, lstat '/tmp/vscode-ipc-fb7c7a70-b17a-4260-aabb-8959efedcc7c.sock'
Watchpack Error (initial scan): Error: ENOTSUP: operation not supported on socket, lstat '/tmp/vscode-ipc-ffc55d62-2c49-4c85-bc13-95b21ce4bd69.sock'
Watchpack Error (initial scan): Error: ENOTSUP: operation not supported on socket, lstat '/tmp/vscode-ipc-f61d275f-4249-42b5-a576-c3fec28304c8.sock'
Watchpack Error (initial scan): Error: ENOTSUP: operation not supported on socket, lstat '/tmp/.s.PGSQL.5432'
Watchpack Error (initial scan): Error: ENOTSUP: operation not supported on socket, lstat '/tmp/vscode-ipc-c5d6c7f5-050a-44e7-8e61-00049700d047.sock'
Watchpack Error (initial scan): Error: ENOTSUP: operation not supported on socket, lstat '/tmp/vscode-ipc-76cec4a4-bb72-42a5-8ee8-c80a932149eb.sock'
Watchpack Error (initial scan): Error: ENOTSUP: operation not supported on socket, lstat '/tmp/vscode-ipc-cb1614f9-90f4-4e7d-a3b2-385d8b5c9ff0.sock'
Watchpack Error (initial scan): Error: ENOTSUP: operation not supported on socket, lstat '/tmp/vscode-ipc-7c681391-f4c2-4833-8ee4-c26fb997a920.sock'
Watchpack Error (initial scan): Error: ENOTSUP: operation not supported on socket, lstat '/tmp/vscode-ipc-7e76505e-ced2-4c5e-aa75-d69403fcff24.sock'
Watchpack Error (initial scan): Error: ENOTSUP: operation not supported on socket, lstat '/tmp/vscode-ipc-8368a0c9-3dda-4533-995d-3dddcc1608a9.sock'
Watchpack Error (initial scan): Error: ENOTSUP: operation not supported on socket, lstat '/tmp/vscode-ipc-851c3b9b-811d-400f-ac31-ba3f7b92c555.sock'
Watchpack Error (initial scan): Error: ENOTSUP: operation not supported on socket, lstat '/tmp/vscode-ipc-85ca6fb4-8a34-4150-b471-6d2218054d11.sock'
Watchpack Error (initial scan): Error: ENOTSUP: operation not supported on socket, lstat '/tmp/vscode-ipc-86bcda9f-e997-4482-aad5-e76777be1053.sock'
Watchpack Error (initial scan): Error: ENOTSUP: operation not supported on socket, lstat '/tmp/vscode-ipc-88454973-06fb-452e-a4ad-4b5d80f74b8d.sock'
Watchpack Error (initial scan): Error: ENOTSUP: operation not supported on socket, lstat '/tmp/vscode-ipc-88df5f9d-76c0-4a65-b56c-df6b91b6805a.sock'
Watchpack Error (initial scan): Error: ENOTSUP: operation not supported on socket, lstat '/tmp/vscode-ipc-8a605985-8b61-49f3-841b-f79d611cffd0.sock'
Watchpack Error (initial scan): Error: ENOTSUP: operation not supported on socket, lstat '/tmp/vscode-ipc-8e883c2f-ced8-41ce-b478-8734c601d11c.sock'
Watchpack Error (initial scan): Error: ENOTSUP: operation not supported on socket, lstat '/tmp/vscode-ipc-8d59aa69-1d9b-4d31-b140-8b2f0b9e93a6.sock'
Watchpack Error (initial scan): Error: ENOTSUP: operation not supported on socket, lstat '/tmp/vscode-ipc-91a32680-6e08-4ed2-9f71-835a4f861b08.sock'
Watchpack Error (initial scan): Error: ENOTSUP: operation not supported on socket, lstat '/tmp/vscode-ipc-92f813d5-847e-4f61-9081-71fdaaebfd51.sock'
Watchpack Error (initial scan): Error: ENOTSUP: operation not supported on socket, lstat '/tmp/vscode-ipc-7ca42c47-849e-4590-82f6-a7e504dd63e3.sock'
Watchpack Error (initial scan): Error: ENOTSUP: operation not supported on socket, lstat '/tmp/vscode-ipc-a0ad51c5-2693-40a3-8aff-b6eea44d0b99.sock'
Watchpack Error (initial scan): Error: ENOTSUP: operation not supported on socket, lstat '/tmp/vscode-ipc-bebc446b-710d-4587-96fa-d68e73667c96.sock'
Watchpack Error (initial scan): Error: ENOTSUP: operation not supported on socket, lstat '/tmp/vscode-ipc-94733f5b-67f8-4898-bf4d-53203db086dc.sock'
Watchpack Error (initial scan): Error: ENOTSUP: operation not supported on socket, lstat '/tmp/vscode-ipc-984a422e-02e3-4c52-af92-4ffe45959e81.sock'
Watchpack Error (initial scan): Error: ENOTSUP: operation not supported on socket, lstat '/tmp/vscode-ipc-9f5f0707-e4d0-48a8-a9f6-26075827441f.sock'
Watchpack Error (initial scan): Error: ENOTSUP: operation not supported on socket, lstat '/tmp/vscode-ipc-a41fe236-d75e-408c-9863-b2ac55e86c5c.sock'
Watchpack Error (initial scan): Error: ENOTSUP: operation not supported on socket, lstat '/tmp/vscode-ipc-a52f690b-3b0f-480e-bb4d-652fbbdbc0cf.sock'
Watchpack Error (initial scan): Error: ENOTSUP: operation not supported on socket, lstat '/tmp/vscode-ipc-a6bc8e8b-8b12-4116-9876-18de19e906dc.sock'
Watchpack Error (initial scan): Error: ENOTSUP: operation not supported on socket, lstat '/tmp/vscode-ipc-975f8005-e094-4a46-8b44-4cbbcbd67b88.sock'
Watchpack Error (initial scan): Error: ENOTSUP: operation not supported on socket, lstat '/tmp/vscode-ipc-a647b49e-f061-4392-a295-95db3cae4a19.sock'
Watchpack Error (initial scan): Error: ENOTSUP: operation not supported on socket, lstat '/tmp/vscode-ipc-a45dbe95-f558-4b31-96b7-505987eb709f.sock'
Watchpack Error (initial scan): Error: ENOTSUP: operation not supported on socket, lstat '/tmp/vscode-ipc-a2e1a335-409d-4c30-8a5f-9005404a5b2d.sock'
Watchpack Error (initial scan): Error: ENOTSUP: operation not supported on socket, lstat '/tmp/vscode-ipc-aef2cb1b-4d77-4f12-bb0e-66511decff72.sock'
Watchpack Error (initial scan): Error: ENOTSUP: operation not supported on socket, lstat '/tmp/vscode-ipc-944e637d-faa6-40a2-ab25-9eeb87977faa.sock'
Watchpack Error (initial scan): Error: ENOTSUP: operation not supported on socket, lstat '/tmp/vscode-ipc-b072ce3c-4af4-4e7b-bb8b-975e983cad96.sock'
Watchpack Error (initial scan): Error: ENOTSUP: operation not supported on socket, lstat '/tmp/vscode-ipc-b398b485-0431-49f9-a9e1-1008b9a6b62d.sock'
Watchpack Error (initial scan): Error: ENOTSUP: operation not supported on socket, lstat '/tmp/vscode-ipc-a4188b2a-be54-4a22-9458-07a0458ef108.sock'
Watchpack Error (initial scan): Error: ENOTSUP: operation not supported on socket, lstat '/tmp/vscode-ipc-b60612ae-131c-481b-9d01-3b4e76b1e92f.sock'
Watchpack Error (initial scan): Error: ENOTSUP: operation not supported on socket, lstat '/tmp/vscode-ipc-b64ae129-1f3a-4199-b848-455ba760dcfd.sock'
Watchpack Error (initial scan): Error: ENOTSUP: operation not supported on socket, lstat '/tmp/vscode-ipc-b7600a21-b6c8-4777-bc62-99f2f4937e0a.sock'
Watchpack Error (initial scan): Error: ENOTSUP: operation not supported on socket, lstat '/tmp/vscode-ipc-b8203d37-bd34-45f8-a939-779a2ae91976.sock'
Watchpack Error (initial scan): Error: ENOTSUP: operation not supported on socket, lstat '/tmp/vscode-ipc-b8647e23-227f-44d8-917f-a95fab31e4d3.sock'
Watchpack Error (initial scan): Error: ENOTSUP: operation not supported on socket, lstat '/tmp/vscode-ipc-978c2dff-0161-4a9d-bb12-86d35fabdb7e.sock'
Watchpack Error (initial scan): Error: ENOTSUP: operation not supported on socket, lstat '/tmp/vscode-ipc-bb71f1dd-53f5-4e95-91c1-17cd123e7d4f.sock'
Watchpack Error (initial scan): Error: ENOTSUP: operation not supported on socket, lstat '/tmp/vscode-ipc-a19a7855-1e4a-4fa8-a1d2-077c542bfb8c.sock'
Watchpack Error (initial scan): Error: ENOTSUP: operation not supported on socket, lstat '/tmp/vscode-ipc-bf46aa4d-51e8-4fbb-b87c-5472f50a0cb9.sock'
Watchpack Error (initial scan): Error: ENOTSUP: operation not supported on socket, lstat '/tmp/vscode-ipc-c0e32bc4-2a42-4460-8cb6-6fd5d0711ce4.sock'
Watchpack Error (initial scan): Error: ENOTSUP: operation not supported on socket, lstat '/tmp/vscode-ipc-c8183852-fa23-4165-912d-f97f325ae7bc.sock'
Watchpack Error (initial scan): Error: ENOTSUP: operation not supported on socket, lstat '/tmp/vscode-ipc-b003bbff-21e7-4073-aea5-c854448880d0.sock'
Watchpack Error (initial scan): Error: ENOTSUP: operation not supported on socket, lstat '/tmp/vscode-ipc-ba48c29a-f59b-4171-9c1f-8c7f70e139f3.sock'
Watchpack Error (initial scan): Error: ENOTSUP: operation not supported on socket, lstat '/tmp/vscode-ipc-bf300582-dd89-4183-9d94-55fe50c91da0.sock'
Compiled successfully!
webpack compiled successfully
